// Jest Snapshot v1, https://goo.gl/fbAQLP

exports[`Button does not crash 1`] = `
<button
  className="ui-kit-button ui-kit-button--color"
  style={null}
  type="button"
>
  title
</button>
`;
