// Jest Snapshot v1, https://goo.gl/fbAQLP

exports[`Modal does not crash 1`] = `
<div
  className="loader"
>
  <div
    className="lds-ring"
  >
    <div />
    <div />
    <div />
    <div />
  </div>
</div>
`;
